[razonartificial.com/themes/reason/v1.5/index.html]
[backblue.gif]
[fade.gif]
[index.html]
[razonartificial.com/themes/reason/v1.5/assets/img/favicon.png]
[razonartificial.com/themes/reason/v1.5/assets/css/preload.css]
[razonartificial.com/themes/reason/v1.5/assets/css/vendors.css]
[razonartificial.com/themes/reason/v1.5/assets/css/syntaxhighlighter/shCore.css]
[razonartificial.com/themes/reason/v1.5/assets/css/style-blue.css]
[razonartificial.com/themes/reason/v1.5/assets/css/width-full.css]
[razonartificial.com/themes/reason/v1.5/index_old.html]
[razonartificial.com/themes/reason/v1.5/home_services.html]
[razonartificial.com/themes/reason/v1.5/home_full.html]
[razonartificial.com/themes/reason/v1.5/home_only_full.html]
[razonartificial.com/themes/reason/v1.5/home_news.html]
[razonartificial.com/themes/reason/v1.5/home_profile.html]
[razonartificial.com/themes/reason/v1.5/home_plan.html]
[razonartificial.com/themes/reason/v1.5/home_polygon.html]
[razonartificial.com/themes/reason/v1.5/css_typography.html]
[razonartificial.com/themes/reason/v1.5/css_headers.html]
[razonartificial.com/themes/reason/v1.5/css_dividers.html]
[razonartificial.com/themes/reason/v1.5/css_blockquotes.html]
[razonartificial.com/themes/reason/v1.5/css_forms.html]
[razonartificial.com/themes/reason/v1.5/css_tables.html]
[razonartificial.com/themes/reason/v1.5/btn_basic_buttons.html]
[razonartificial.com/themes/reason/v1.5/btn_library_buttons.html]
[razonartificial.com/themes/reason/v1.5/btn_social_buttons.html]
[razonartificial.com/themes/reason/v1.5/icons_artificial_reason.html]
[razonartificial.com/themes/reason/v1.5/icons_glyph.html]
[razonartificial.com/themes/reason/v1.5/icons_awesome.html]
[razonartificial.com/themes/reason/v1.5/icons_social.html]
[razonartificial.com/themes/reason/v1.5/components_cards.html]
[razonartificial.com/themes/reason/v1.5/components_counters.html]
[razonartificial.com/themes/reason/v1.5/components_navtabs.html]
[razonartificial.com/themes/reason/v1.5/components_masonry.html]
[razonartificial.com/themes/reason/v1.5/components_dropdowns.html]
[razonartificial.com/themes/reason/v1.5/components_panels.html]
[razonartificial.com/themes/reason/v1.5/components_lists.html]
[razonartificial.com/themes/reason/v1.5/components_paginations.html]
[razonartificial.com/themes/reason/v1.5/components_labels_badges.html]
[razonartificial.com/themes/reason/v1.5/components_alerts_wells.html]
[razonartificial.com/themes/reason/v1.5/components_thumbnails.html]
[razonartificial.com/themes/reason/v1.5/components_modals.html]
[razonartificial.com/themes/reason/v1.5/components_progress_bars.html]
[razonartificial.com/themes/reason/v1.5/components_tooltip_popover.html]
[razonartificial.com/themes/reason/v1.5/collapses_tabs.html]
[razonartificial.com/themes/reason/v1.5/components_vertical_tabs.html]
[razonartificial.com/themes/reason/v1.5/components_switch.html]
[razonartificial.com/themes/reason/v1.5/content_box.html]
[razonartificial.com/themes/reason/v1.5/carousels.html]
[razonartificial.com/themes/reason/v1.5/charts.html]
[razonartificial.com/themes/reason/v1.5/page_about.html]
[razonartificial.com/themes/reason/v1.5/page_about2.html]
[razonartificial.com/themes/reason/v1.5/page_about3.html]
[razonartificial.com/themes/reason/v1.5/page_team.html]
[razonartificial.com/themes/reason/v1.5/page_team2.html]
[razonartificial.com/themes/reason/v1.5/page_contact.html]
[razonartificial.com/themes/reason/v1.5/page_contact2.html]
[razonartificial.com/themes/reason/v1.5/page_login.html]
[razonartificial.com/themes/reason/v1.5/page_login_full.html]
[razonartificial.com/themes/reason/v1.5/page_register.html]
[razonartificial.com/themes/reason/v1.5/page_login_register.html]
[razonartificial.com/themes/reason/v1.5/page_profile2.html]
[razonartificial.com/themes/reason/v1.5/page_profile.html]
[razonartificial.com/themes/reason/v1.5/page_404.html]
[razonartificial.com/themes/reason/v1.5/page_404_2.html]
[razonartificial.com/themes/reason/v1.5/page_500.html]
[razonartificial.com/themes/reason/v1.5/page_500_2.html]
[razonartificial.com/themes/reason/v1.5/page_testimonial.html]
[razonartificial.com/themes/reason/v1.5/page_clients.html]
[razonartificial.com/themes/reason/v1.5/page_product.html]
[razonartificial.com/themes/reason/v1.5/page_services.html]
[razonartificial.com/themes/reason/v1.5/page_pricing.html]
[razonartificial.com/themes/reason/v1.5/page_pricing-mega.html]
[razonartificial.com/themes/reason/v1.5/page_support.html]
[razonartificial.com/themes/reason/v1.5/page_faq.html]
[razonartificial.com/themes/reason/v1.5/page_faq2.html]
[razonartificial.com/themes/reason/v1.5/page_coming.html]
[razonartificial.com/themes/reason/v1.5/page_coming2.html]
[razonartificial.com/themes/reason/v1.5/page_timeline_left.html]
[razonartificial.com/themes/reason/v1.5/page_timeline.html]
[razonartificial.com/themes/reason/v1.5/blog.html]
[razonartificial.com/themes/reason/v1.5/blog_left.html]
[razonartificial.com/themes/reason/v1.5/blog_full.html]
[razonartificial.com/themes/reason/v1.5/blog_masonry.html]
[razonartificial.com/themes/reason/v1.5/blog2.html]
[razonartificial.com/themes/reason/v1.5/single.html]
[razonartificial.com/themes/reason/v1.5/single_full.html]
[razonartificial.com/themes/reason/v1.5/e-commerce_home.html]
[razonartificial.com/themes/reason/v1.5/e-commerce.html]
[razonartificial.com/themes/reason/v1.5/e-commerce_product.html]
[razonartificial.com/themes/reason/v1.5/e-commerce_cart.html]
[razonartificial.com/themes/reason/v1.5/portfolio_sidebar.html]
[razonartificial.com/themes/reason/v1.5/portfolio_topbar.html]
[razonartificial.com/themes/reason/v1.5/portfolio_caption_hover.html]
[razonartificial.com/themes/reason/v1.5/portfolio_item.html]
[razonartificial.com/themes/reason/v1.5/portfolio_item_devices.html]
[razonartificial.com/themes/reason/v1.5/assets/img/demo/mockup2.png]
[razonartificial.com/themes/reason/v1.5/assets/img/demo/wire1.png]
[razonartificial.com/themes/reason/v1.5/assets/img/demo/wire1shadow.png]
[razonartificial.com/themes/reason/v1.5/assets/img/demo/wire1capture.png]
[razonartificial.com/themes/reason/v1.5/assets/img/demo/mockup3.png]
[razonartificial.com/themes/reason/v1.5/assets/img/demo/surface.jpg]
[razonartificial.com/themes/reason/v1.5/assets/img/demo/new_mac.jpg]
[razonartificial.com/themes/reason/v1.5/assets/img/demo/ubuntu_tablet.png]
[razonartificial.com/themes/reason/v1.5/assets/img/demo/w1.jpg]
[razonartificial.com/themes/reason/v1.5/assets/img/demo/w2.jpg]
[razonartificial.com/themes/reason/v1.5/assets/img/demo/w3.jpg]
[razonartificial.com/themes/reason/v1.5/assets/img/demo/w4.jpg]
[razonartificial.com/themes/reason/v1.5/assets/img/demo/w5.jpg]
[razonartificial.com/themes/reason/v1.5/assets/img/demo/w6.jpg]
[razonartificial.com/themes/reason/v1.5/assets/img/demo/card1.jpg]
[s3.amazonaws.com/uifaces/faces/twitter/adellecharles/73.jpg]
[razonartificial.com/themes/reason/v1.5/assets/img/img60.jpg]
[razonartificial.com/themes/reason/v1.5/assets/img/demo/card2.jpg]
[s3.amazonaws.com/uifaces/faces/twitter/josue/73.jpg]
[razonartificial.com/themes/reason/v1.5/assets/img/demo/card3.jpg]
[s3.amazonaws.com/uifaces/faces/twitter/mutlu82/73.jpg]
[razonartificial.com/themes/reason/v1.5/assets/img/demo/card4.jpg]
[s3.amazonaws.com/uifaces/faces/twitter/nisaanjani/73.jpg]
[razonartificial.com/themes/reason/v1.5/assets/img/demo/intel.png]
[razonartificial.com/themes/reason/v1.5/assets/img/demo/microsoft.png]
[razonartificial.com/themes/reason/v1.5/assets/img/demo/nokia.png]
[razonartificial.com/themes/reason/v1.5/assets/img/demo/samsung.png]
[razonartificial.com/themes/reason/v1.5/assets/img/demo/anz.png]
[razonartificial.com/themes/reason/v1.5/assets/img/demo/maxis.png]
[razonartificial.com/themes/reason/v1.5/assets/img/demo/sony.png]
[razonartificial.com/themes/reason/v1.5/assets/img/demo/hp.png]
[razonartificial.com/themes/reason/v1.5/portfolio_topvar.7d.delayed]
[razonartificial.com/themes/reason/v1.5/assets/img/demo/m2.jpg]
[razonartificial.com/themes/reason/v1.5/assets/img/demo/m11.jpg]
[razonartificial.com/themes/reason/v1.5/assets/img/demo/m4.jpg]
[razonartificial.com/themes/reason/v1.5/assets/img/demo/wf1.jpg]
[razonartificial.com/themes/reason/v1.5/assets/img/demo/wf2.jpg]
[razonartificial.com/themes/reason/v1.5/assets/img/demo/wf3.jpg]
[razonartificial.com/themes/reason/v1.5/assets/img/demo/wf4.jpg]
[razonartificial.com/themes/reason/v1.5/assets/js/styleswitcher.js]
[razonartificial.com/themes/reason/v1.5/assets/js/syntaxhighlighter/shCore.js]
[razonartificial.com/themes/reason/v1.5/assets/js/syntaxhighlighter/shBrushXml.js]
[razonartificial.com/themes/reason/v1.5/assets/js/vendors.js]
[razonartificial.com/themes/reason/v1.5/assets/js/syntaxhighlighter/shBrushJScript.js]
[razonartificial.com/themes/reason/v1.5/assets/js/app.js]
[razonartificial.com/themes/reason/v1.5/assets/js/DropdownHover.js]
[razonartificial.com/themes/reason/v1.5/assets/js/home_info.js]
[razonartificial.com/themes/reason/v1.5/index.html]
[razonartificial.com/themes/reason/v1.5/assets/img/preload.gif]
[razonartificial.com/themes/reason/v1.5/assets/css/preload.css]
[razonartificial.com/themes/reason/v1.5/assets/js/holder.js]
[razonartificial.com/themes/reason/v1.5/assets/css/images/bx_loader.8f.delayed]
[razonartificial.com/themes/reason/v1.5/assets/css/images/controls.90.delayed]
[razonartificial.com/themes/reason/v1.5/assets/fonts/glyphicons-halflings-regular.eot]
[razonartificial.com/themes/reason/v1.5/assets/fonts/glyphicons-halflings-regular.woff2]
[razonartificial.com/themes/reason/v1.5/assets/fonts/glyphicons-halflings-regulard41d.eot]
[razonartificial.com/themes/reason/v1.5/assets/fonts/glyphicons-halflings-regular.woff]
[razonartificial.com/themes/reason/v1.5/assets/fonts/glyphicons-halflings-regular.ttf]
[razonartificial.com/themes/reason/v1.5/assets/fonts/fontawesome-webfont5b62.eot]
[razonartificial.com/themes/reason/v1.5/assets/fonts/fontawesome-webfontd41d.eot]
[razonartificial.com/themes/reason/v1.5/assets/fonts/fontawesome-webfont5b62.woff2]
[razonartificial.com/themes/reason/v1.5/assets/fonts/fontawesome-webfont5b62.woff]
[razonartificial.com/themes/reason/v1.5/assets/fonts/fontawesome-webfont5b62.ttf]
[razonartificial.com/themes/reason/v1.5/assets/css/owl.video.play.9c.delayed]
[razonartificial.com/themes/reason/v1.5/assets/css/vendors.css]
[razonartificial.com/themes/reason/v1.5/assets/css/syntaxhighlighter/shCore.css]
[razonartificial.com/themes/reason/v1.5/assets/fonts/socialglyphs-webfont.eot]
[razonartificial.com/themes/reason/v1.5/assets/fonts/socialglyphs-webfont.woff]
[razonartificial.com/themes/reason/v1.5/assets/fonts/socialglyphs-webfontd41d.eot]
[razonartificial.com/themes/reason/v1.5/assets/fonts/socialglyphs-webfont.ttf]
[razonartificial.com/themes/reason/v1.5/assets/img/colors/blue/logo.png]
[razonartificial.com/themes/reason/v1.5/assets/img/slide_back.jpg]
[razonartificial.com/themes/reason/v1.5/assets/img/bx_loader.gif]
[razonartificial.com/themes/reason/v1.5/assets/img/controls.png]
[razonartificial.com/themes/reason/v1.5/assets/img/back.jpg]
[razonartificial.com/themes/reason/v1.5/assets/img/back.png]
[razonartificial.com/themes/reason/v1.5/assets/img/colors/blue/logo50.png]
[razonartificial.com/themes/reason/v1.5/assets/img/back_profile.jpg]
[razonartificial.com/themes/reason/v1.5/assets/img/back_services.jpg]
[razonartificial.com/themes/reason/v1.5/assets/img/coming_back.jpg]
[razonartificial.com/themes/reason/v1.5/assets/img/logo50_white.png]
[razonartificial.com/themes/reason/v1.5/assets/img/colors/blue/logo_big.png]
[razonartificial.com/themes/reason/v1.5/assets/img/logo_white.png]
[razonartificial.com/themes/reason/v1.5/assets/img/plan.jpg]
[razonartificial.com/themes/reason/v1.5/assets/img/back_polygons.jpg]
[razonartificial.com/themes/reason/v1.5/assets/img/back_lead5.jpg]
[razonartificial.com/themes/reason/v1.5/assets/img/bg_ny.jpg]
[razonartificial.com/themes/reason/v1.5/assets/img/back_wrap_commerce.jpg]
[razonartificial.com/themes/reason/v1.5/assets/css/style-blue.css]
[razonartificial.com/themes/reason/v1.5/assets/css/width-full.css]
[razonartificial.com/themes/reason/v1.5/assets/img/demo/pre.png]
[razonartificial.com/themes/reason/v1.5/assets/img/demo/pre2.png]
[razonartificial.com/themes/reason/v1.5/assets/img/demo/pre3.png]
[razonartificial.com/themes/reason/v1.5/assets/img/demo/mac.png]
[razonartificial.com/themes/reason/v1.5/assets/img/demo/macpro.png]
[razonartificial.com/themes/reason/v1.5/assets/img/demo/ipad.png]
[razonartificial.com/themes/reason/v1.5/assets/img/demo/iphone.png]
[razonartificial.com/themes/reason/v1.5/assets/img/demo/w7.jpg]
[razonartificial.com/themes/reason/v1.5/assets/img/demo/w8.jpg]
[razonartificial.com/themes/reason/v1.5/assets/img/demo/w9.jpg]
[razonartificial.com/themes/reason/v1.5/assets/img/demo/w10.jpg]
[razonartificial.com/themes/reason/v1.5/assets/img/demo/w11.jpg]
[razonartificial.com/themes/reason/v1.5/assets/img/demo/w12.jpg]
[razonartificial.com/themes/reason/v1.5/assets/js/index.js]
[razonartificial.com/themes/reason/v1.5/index_old.html]
[razonartificial.com/themes/reason/v1.5/assets/js/home_services.js]
[razonartificial.com/themes/reason/v1.5/home_services.html]
[razonartificial.com/themes/reason/v1.5/assets/img/logo_raw_white.png]
[razonartificial.com/themes/reason/v1.5/home_full.html]
[razonartificial.com/themes/reason/v1.5/home_only_full.html]
[razonartificial.com/themes/reason/v1.5/assets/js/home_full.js]
[razonartificial.com/themes/reason/v1.5/assets/img/demo/n1.jpg]
[razonartificial.com/themes/reason/v1.5/assets/img/demo/office3.jpg]
[razonartificial.com/themes/reason/v1.5/assets/img/demo/office2.jpg]
[razonartificial.com/themes/reason/v1.5/assets/img/demo/office4.jpg]
[razonartificial.com/themes/reason/v1.5/assets/img/demo/office1.jpg]
[razonartificial.com/themes/reason/v1.5/holder.js/100x100.c9ae14.delayed]
[razonartificial.com/themes/reason/v1.5/home_news.html]
[razonartificial.com/themes/reason/v1.5/assets/img/demo/profile.jpg]
[razonartificial.com/themes/reason/v1.5/assets/js/home_profile.js]
[razonartificial.com/themes/reason/v1.5/home_profile.html]
[razonartificial.com/themes/reason/assets/img/logo_big_white.cc.delayed]
[razonartificial.com/themes/reason/v1.5/assets/js/home_plan.js]
[razonartificial.com/themes/reason/v1.5/home_plan.html]
[razonartificial.com/themes/reason/v1.5/assets/img/demo/firefox.png]
[razonartificial.com/themes/reason/v1.5/home_polygon.html]
[razonartificial.com/themes/reason/v1.5/css_typography.html]
[razonartificial.com/themes/reason/v1.5/css_headers.html]
[razonartificial.com/themes/reason/v1.5/css_dividers.html]
[razonartificial.com/themes/reason/v1.5/css_blockquotes.html]
[razonartificial.com/themes/reason/v1.5/css_forms.html]
[razonartificial.com/themes/reason/v1.5/css_tables.html]
[razonartificial.com/themes/reason/v1.5/btn_basic_buttons.html]
[razonartificial.com/themes/reason/v1.5/btn_library_buttons.html]
[razonartificial.com/themes/reason/v1.5/btn_social_buttons.html]
[razonartificial.com/themes/reason/v1.5/icons_artificial_reason.html]
[razonartificial.com/themes/reason/v1.5/icons_glyph.html]
[razonartificial.com/themes/reason/v1.5/icons_awesome.html]
[razonartificial.com/themes/reason/v1.5/icons_social.html]
[razonartificial.com/themes/reason/v1.5/components_cards.html]
[razonartificial.com/themes/reason/v1.5/components_counters.html]
[razonartificial.com/themes/reason/v1.5/components_navtabs.html]
[razonartificial.com/themes/reason/v1.5/components_masonry.html]
[razonartificial.com/themes/reason/v1.5/css_testimonials.cf.delayed]
[razonartificial.com/themes/reason/v1.5/components_dropdowns.html]
[razonartificial.com/themes/reason/v1.5/components_panels.html]
[razonartificial.com/themes/reason/v1.5/holder.js/70x70.d0ae14.delayed]
[razonartificial.com/themes/reason/v1.5/components_lists.html]
[razonartificial.com/themes/reason/v1.5/components_paginations.html]
[razonartificial.com/themes/reason/v1.5/components_labels_badges.html]
[razonartificial.com/themes/reason/v1.5/components_alerts_wells.html]
[razonartificial.com/themes/reason/v1.5/...d1.delayed]
[razonartificial.com/themes/reason/v1.5/holder.js/600x400.d2f950.delayed]
[razonartificial.com/themes/reason/v1.5/holder.js/600x400.d3323f.delayed]
[razonartificial.com/themes/reason/v1.5/holder.js/600x400.d48012.delayed]
[razonartificial.com/themes/reason/v1.5/components_thumbnails.html]
[razonartificial.com/themes/reason/v1.5/assets/img/demo/image-1.jpg]
[razonartificial.com/themes/reason/v1.5/components_modals.html]
[razonartificial.com/themes/reason/v1.5/components_progress_bars.html]
[razonartificial.com/themes/reason/v1.5/components_tooltip_popover.html]
[razonartificial.com/themes/reason/v1.5/collapses_tabs.html]
[razonartificial.com/themes/reason/v1.5/components_vertical_tabs.html]
[razonartificial.com/themes/reason/v1.5/components_switch.html]
[razonartificial.com/themes/reason/v1.5/content_box.html]
[razonartificial.com/themes/reason/v1.5/carousels.html]
[razonartificial.com/themes/reason/v1.5/assets/js/carousels.js]
[razonartificial.com/themes/reason/v1.5/assets/js/page_charts.js]
[razonartificial.com/themes/reason/v1.5/charts.html]
[razonartificial.com/themes/reason/v1.5/assets/img/demo/team.jpg]
[razonartificial.com/themes/reason/v1.5/page_about.html]
[razonartificial.com/themes/reason/v1.5/page_about2.html]
[razonartificial.com/themes/reason/v1.5/assets/img/demo/t1.jpg]
[razonartificial.com/themes/reason/v1.5/assets/img/demo/t2.jpg]
[razonartificial.com/themes/reason/v1.5/assets/img/demo/t3.jpg]
[razonartificial.com/themes/reason/v1.5/assets/img/demo/t6.jpg]
[razonartificial.com/themes/reason/v1.5/assets/img/demo/t4.jpg]
[razonartificial.com/themes/reason/v1.5/assets/img/demo/t5.jpg]
[razonartificial.com/themes/reason/v1.5/page_about3.html]
[razonartificial.com/themes/reason/v1.5/page_team.html]
[razonartificial.com/themes/reason/v1.5/page_team2.html]
[razonartificial.com/themes/reason/v1.5/page_contact.html]
[razonartificial.com/themes/reason/v1.5/page_contact2.html]
[razonartificial.com/themes/reason/v1.5/page_login.html]
[razonartificial.com/themes/reason/v1.5/assets/js/home_login_full.js]
[razonartificial.com/themes/reason/v1.5/page_login_full.html]
[razonartificial.com/themes/reason/v1.5/page_login_register.html]
[razonartificial.com/themes/reason/v1.5/page_register.html]
[razonartificial.com/themes/reason/v1.5/assets/img/demo/avatar370.jpg]
[razonartificial.com/themes/reason/v1.5/page_profile.html]
[razonartificial.com/themes/reason/v1.5/assets/img/demo/avatar230.jpg]
[razonartificial.com/themes/reason/v1.5/page_profile2.html]
[razonartificial.com/themes/reason/v1.5/page_404.html]
[razonartificial.com/themes/reason/v1.5/page_404_2.html]
[razonartificial.com/themes/reason/v1.5/page_500.html]
[razonartificial.com/themes/reason/v1.5/page_500_2.html]
[razonartificial.com/themes/reason/v1.5/page_testimonial.html]
[razonartificial.com/themes/reason/v1.5/page_clients.html]
[razonartificial.com/themes/reason/v1.5/page_product.html]
[razonartificial.com/themes/reason/v1.5/page_services.html]
[razonartificial.com/themes/reason/v1.5/page_pricing.html]
[razonartificial.com/themes/reason/v1.5/page_pricing-mega.html]
[razonartificial.com/themes/reason/v1.5/page_support.html]
[razonartificial.com/themes/reason/v1.5/page_faq.html]
[razonartificial.com/themes/reason/v1.5/page_faq2.html]
[razonartificial.com/themes/reason/v1.5/assets/js/jquery.countdown.min.e2.delayed]
[razonartificial.com/themes/reason/v1.5/assets/js/coming.js]
[razonartificial.com/themes/reason/v1.5/page_coming.html]
[razonartificial.com/themes/reason/v1.5/assets/js/coming2.js]
[razonartificial.com/themes/reason/v1.5/page_coming2.html]
[razonartificial.com/themes/reason/v1.5/page_timeline_left.html]
[razonartificial.com/themes/reason/v1.5/page_timeline.html]
[razonartificial.com/themes/reason/v1.5/assets/img/demo/7.jpg]
[razonartificial.com/themes/reason/v1.5/assets/img/demo/5.jpg]
[razonartificial.com/themes/reason/v1.5/assets/img/demo/4.jpg]
[razonartificial.com/themes/reason/v1.5/assets/img/demo/1.jpg]
[razonartificial.com/themes/reason/v1.5/assets/img/demo/2.jpg]
[razonartificial.com/themes/reason/v1.5/assets/img/demo/m9.jpg]
[razonartificial.com/themes/reason/v1.5/assets/img/demo/m12.jpg]
[razonartificial.com/themes/reason/v1.5/assets/img/demo/client.jpg]
[razonartificial.com/themes/reason/v1.5/assets/img/demo/client2.jpg]
[razonartificial.com/themes/reason/v1.5/assets/img/demo/client6.jpg]
[razonartificial.com/themes/reason/v1.5/assets/img/demo/client4.jpg]
[razonartificial.com/themes/reason/v1.5/assets/img/demo/client5.jpg]
[razonartificial.com/themes/reason/v1.5/blog.html]
[razonartificial.com/themes/reason/v1.5/blog_left.html]
[razonartificial.com/themes/reason/v1.5/assets/img/demo/img_full.jpg]
[razonartificial.com/themes/reason/v1.5/assets/img/demo/3.jpg]
[razonartificial.com/themes/reason/v1.5/blog_full.html]
[razonartificial.com/themes/reason/v1.5/assets/img/demo/img16.jpg]
[razonartificial.com/themes/reason/v1.5/assets/img/demo/avatar100.jpg]
[razonartificial.com/themes/reason/v1.5/assets/img/demo/img14.jpg]
[razonartificial.com/themes/reason/v1.5/assets/img/demo/img10.jpg]
[razonartificial.com/themes/reason/v1.5/assets/img/demo/img13.jpg]
[razonartificial.com/themes/reason/v1.5/assets/img/demo/img09.jpg]
[razonartificial.com/themes/reason/v1.5/assets/img/demo/img08.jpg]
[razonartificial.com/themes/reason/v1.5/assets/img/demo/img22.jpg]
[razonartificial.com/themes/reason/v1.5/blog_masonry.html]
[razonartificial.com/themes/reason/v1.5/blog2.html]
[razonartificial.com/themes/reason/v1.5/assets/js/holder.js/100x100/sky/text_avatar.fb.delayed]
[razonartificial.com/themes/reason/v1.5/single.html]
[razonartificial.com/themes/reason/v1.5/single_full.html]
[razonartificial.com/themes/reason/v1.5/assets/img/demo/e-mac.png]
[razonartificial.com/themes/reason/v1.5/assets/img/demo/e_macbook.png]
[razonartificial.com/themes/reason/v1.5/assets/img/demo/e_iphonec.png]
[razonartificial.com/themes/reason/v1.5/assets/img/demo/e_img03.jpg]
[razonartificial.com/themes/reason/v1.5/assets/img/demo/e_img07.jpg]
[razonartificial.com/themes/reason/v1.5/assets/img/demo/e_img01.jpg]
[razonartificial.com/themes/reason/v1.5/assets/img/demo/e_img02.jpg]
[razonartificial.com/themes/reason/v1.5/assets/img/demo/e_img04.jpg]
[razonartificial.com/themes/reason/v1.5/assets/img/demo/e_img05.jpg]
[razonartificial.com/themes/reason/v1.5/assets/img/demo/e_img06.jpg]
[razonartificial.com/themes/reason/v1.5/assets/img/demo/e_img08.jpg]
[razonartificial.com/themes/reason/v1.5/assets/img/demo/e_img09.jpg]
[razonartificial.com/themes/reason/v1.5/assets/img/demo/e_img10.jpg]
[razonartificial.com/themes/reason/v1.5/assets/img/demo/e_img11.jpg]
[razonartificial.com/themes/reason/v1.5/assets/img/demo/e_img12.jpg]
[razonartificial.com/themes/reason/v1.5/assets/img/demo/e_img13.jpg]
[razonartificial.com/themes/reason/v1.5/assets/img/demo/e_img14.jpg]
[razonartificial.com/themes/reason/v1.5/assets/img/demo/e_img15.jpg]
[razonartificial.com/themes/reason/v1.5/assets/img/demo/e_img16.jpg]
[razonartificial.com/themes/reason/v1.5/assets/img/demo/e_img17.jpg]
[razonartificial.com/themes/reason/v1.5/assets/img/demo/e_img18.jpg]
[razonartificial.com/themes/reason/v1.5/e-commerce_home.html]
[razonartificial.com/themes/reason/v1.5/e-commerce.html]
[razonartificial.com/themes/reason/v1.5/assets/js/commerce.js]
[razonartificial.com/themes/reason/v1.5/assets/img/demo/e_product1.jpg]
[razonartificial.com/themes/reason/v1.5/assets/img/demo/e_product2.jpg]
[razonartificial.com/themes/reason/v1.5/assets/img/demo/e_product3.jpg]
[razonartificial.com/themes/reason/v1.5/assets/img/demo/e_product4.jpg]
[razonartificial.com/themes/reason/v1.5/assets/img/demo/e_product5.jpg]
[razonartificial.com/themes/reason/v1.5/assets/img/demo/e_img1.jpg]
[razonartificial.com/themes/reason/v1.5/assets/img/demo/e_img2.jpg]
[razonartificial.com/themes/reason/v1.5/assets/img/demo/e_img3.jpg]
[razonartificial.com/themes/reason/v1.5/assets/img/demo/e_img4.jpg]
[razonartificial.com/themes/reason/v1.5/assets/img/demo/e_img5.jpg]
[razonartificial.com/themes/reason/v1.5/assets/js/e-commerce_product.js]
[razonartificial.com/themes/reason/v1.5/e-commerce_product.html]
[razonartificial.com/themes/reason/v1.5/e-commerce_cart.html]
[razonartificial.com/themes/reason/v1.5/assets/img/demo/img01.jpg]
[razonartificial.com/themes/reason/v1.5/assets/img/demo/img02.jpg]
[razonartificial.com/themes/reason/v1.5/assets/img/demo/img03.jpg]
[razonartificial.com/themes/reason/v1.5/assets/img/demo/img04.jpg]
[razonartificial.com/themes/reason/v1.5/assets/img/demo/img05.jpg]
[razonartificial.com/themes/reason/v1.5/assets/img/demo/img06.jpg]
[razonartificial.com/themes/reason/v1.5/assets/img/demo/img07.jpg]
[razonartificial.com/themes/reason/v1.5/assets/img/demo/img11.jpg]
[razonartificial.com/themes/reason/v1.5/assets/img/demo/img12.jpg]
[razonartificial.com/themes/reason/v1.5/assets/img/demo/img15.jpg]
[razonartificial.com/themes/reason/v1.5/assets/img/demo/img17.jpg]
[razonartificial.com/themes/reason/v1.5/assets/img/demo/img18.jpg]
[razonartificial.com/themes/reason/v1.5/assets/img/demo/img19.jpg]
[razonartificial.com/themes/reason/v1.5/assets/img/demo/img20.jpg]
[razonartificial.com/themes/reason/v1.5/assets/img/demo/img21.jpg]
[razonartificial.com/themes/reason/v1.5/assets/img/demo/img23.jpg]
[razonartificial.com/themes/reason/v1.5/assets/img/demo/img24.jpg]
[razonartificial.com/themes/reason/v1.5/assets/js/portfolio.js]
[razonartificial.com/themes/reason/v1.5/portfolio_sidebar.html]
[razonartificial.com/themes/reason/v1.5/portfolio_topbar.html]
[razonartificial.com/themes/reason/v1.5/portfolio_caption_hover.html]
[razonartificial.com/themes/reason/v1.5/portfolio_item.html]
[razonartificial.com/themes/reason/v1.5/portfolio_item_devices.html]
[razonartificial.com/themes/reason/v1.5/portfolio_topvar.html]
[razonartificial.com/themes/reason/v1.5/assets/css/images/bx_loader.html]
[razonartificial.com/themes/reason/v1.5/assets/css/images/controls.html]
[razonartificial.com/themes/reason/v1.5/assets/fonts/glyphicons-halflings-regular.svg]
[razonartificial.com/themes/reason/v1.5/assets/fonts/fontawesome-webfont5b62.svg]
[razonartificial.com/themes/reason/v1.5/assets/css/owl.video.play.html]
[razonartificial.com/themes/reason/v1.5/assets/fonts/socialglyphs-webfont.svg]
[razonartificial.com/themes/reason/v1.5/holder.js/100x100ae14.html]
[razonartificial.com/themes/reason/assets/img/logo_big_white.html]
[razonartificial.com/themes/reason/v1.5/css_testimonials.html]
[razonartificial.com/themes/reason/v1.5/holder.js/70x70ae14.html]
[razonartificial.com/themes/reason/v1.5/...html]
[razonartificial.com/themes/reason/v1.5/holder.js/600x400f950.html]
[razonartificial.com/themes/reason/v1.5/holder.js/600x400323f.html]
[razonartificial.com/themes/reason/v1.5/holder.js/600x4008012.html]
[razonartificial.com/themes/reason/v1.5/assets/js/jquery.countdown.min.html]
[razonartificial.com/themes/reason/v1.5/assets/js/holder.js/100x100/sky/text_avatar.html]
