[ecommerceforest.com/wrap/FoodBingo/V1.1/index.html]
[backblue.gif]
[fade.gif]
[index.html]
[ecommerceforest.com/wrap/FoodBingo/V1.1/css/bootstrap.min.css]
[ecommerceforest.com/wrap/FoodBingo/V1.1/font-awesome/css/font-awesome.min.css]
[ecommerceforest.com/wrap/FoodBingo/V1.1/js/plugins/owl-carousel/owl.carousel.css]
[ecommerceforest.com/wrap/FoodBingo/V1.1/js/plugins/owl-carousel/owl.transitions.css]
[ecommerceforest.com/wrap/FoodBingo/V1.1/js/plugins/owl-carousel/owl.theme.css]
[ecommerceforest.com/wrap/FoodBingo/V1.1/js/plugins/magnific-popup/magnific-popup.css]
[ecommerceforest.com/wrap/FoodBingo/V1.1/js/plugins/datepicker/datepicker.css]
[ecommerceforest.com/wrap/FoodBingo/V1.1/css/style.css]
[ecommerceforest.com/wrap/FoodBingo/V1.1/css/responsive.css]
[ecommerceforest.com/wrap/FoodBingo/V1.1/images/logo.png]
[ecommerceforest.com/wrap/FoodBingo/V1.1/login.html]
[ecommerceforest.com/wrap/FoodBingo/V1.1/index-2.html]
[ecommerceforest.com/wrap/FoodBingo/V1.1/about.html]
[ecommerceforest.com/wrap/FoodBingo/V1.1/food-listing.html]
[ecommerceforest.com/wrap/FoodBingo/V1.1/food-grid.html]
[ecommerceforest.com/wrap/FoodBingo/V1.1/food-details.html]
[ecommerceforest.com/wrap/FoodBingo/V1.1/terms.html]
[ecommerceforest.com/wrap/FoodBingo/V1.1/policy.html]
[ecommerceforest.com/wrap/FoodBingo/V1.1/contact.html]
[ecommerceforest.com/wrap/FoodBingo/V1.1/images/welcome-img1.jpg]
[ecommerceforest.com/wrap/FoodBingo/V1.1/images/menu/thumb/chinese-menu.jpg]
[ecommerceforest.com/wrap/FoodBingo/V1.1/images/menu/thumb/indian-menu.jpg]
[ecommerceforest.com/wrap/FoodBingo/V1.1/images/menu/thumb/italian-menu.jpg]
[ecommerceforest.com/wrap/FoodBingo/V1.1/images/menu/thumb/continental-menu.jpg]
[ecommerceforest.com/wrap/FoodBingo/V1.1/images/menu/thumb/thai-menu.jpg]
[ecommerceforest.com/wrap/FoodBingo/V1.1/images/menu/thumb/sushi-menu.jpg]
[ecommerceforest.com/wrap/FoodBingo/V1.1/images/menu/thumb/pizza-menu.jpg]
[ecommerceforest.com/wrap/FoodBingo/V1.1/images/menu/thumb/veggies-menu.jpg]
[ecommerceforest.com/wrap/FoodBingo/V1.1/images/menu/thumb/tiffins-menu.jpg]
[ecommerceforest.com/wrap/FoodBingo/V1.1/images/special-offers/special-offers-img1.jpg]
[ecommerceforest.com/wrap/FoodBingo/V1.1/images/special-offers/special-offers-img2.jpg]
[ecommerceforest.com/wrap/FoodBingo/V1.1/images/special-offers/special-offers-img3.jpg]
[ecommerceforest.com/wrap/FoodBingo/V1.1/images/special-offers/special-offers-img4.jpg]
[ecommerceforest.com/wrap/FoodBingo/V1.1/images/badge/apple-badge.png]
[ecommerceforest.com/wrap/FoodBingo/V1.1/images/badge/google-play-badge.png]
[ecommerceforest.com/wrap/FoodBingo/V1.1/images/badge/windows-badge.png]
[ecommerceforest.com/wrap/FoodBingo/V1.1/images/mockups/mobile-mockup.png]
[ecommerceforest.com/wrap/FoodBingo/V1.1/js/jquery-migrate-1.2.1.min.js]
[ecommerceforest.com/wrap/FoodBingo/V1.1/js/plugins/bootstrap-filestyle/bootstrap-filestyle.min.js]
[ecommerceforest.com/wrap/FoodBingo/V1.1/js/bootstrap.min.js]
[ecommerceforest.com/wrap/FoodBingo/V1.1/js/jquery-1.11.3.min.js]
[ecommerceforest.com/wrap/FoodBingo/V1.1/js/plugins/datepicker/bootstrap-datepicker.js]
[ecommerceforest.com/wrap/FoodBingo/V1.1/js/plugins/magnific-popup/jquery.magnific-popup.min.js]
[ecommerceforest.com/wrap/FoodBingo/V1.1/index.html]
[ecommerceforest.com/wrap/FoodBingo/V1.1/js/custom.js]
[ecommerceforest.com/wrap/FoodBingo/V1.1/js/plugins/owl-carousel/owl.carousel.js]
[ecommerceforest.com/wrap/FoodBingo/V1.1/fonts/glyphicons-halflings-regular.eot]
[ecommerceforest.com/wrap/FoodBingo/V1.1/fonts/glyphicons-halflings-regular.woff]
[ecommerceforest.com/wrap/FoodBingo/V1.1/fonts/glyphicons-halflings-regulard41d.eot]
[ecommerceforest.com/wrap/FoodBingo/V1.1/fonts/glyphicons-halflings-regular.ttf]
[ecommerceforest.com/wrap/FoodBingo/V1.1/fonts/glyphicons-halflings-regular.woff2]
[ecommerceforest.com/wrap/FoodBingo/V1.1/css/bootstrap.min.css]
[ecommerceforest.com/wrap/FoodBingo/V1.1/font-awesome/fonts/fontawesome-webfont3295.eot]
[ecommerceforest.com/wrap/FoodBingo/V1.1/font-awesome/fonts/fontawesome-webfontd41d.eot]
[ecommerceforest.com/wrap/FoodBingo/V1.1/font-awesome/fonts/fontawesome-webfont3295.woff]
[ecommerceforest.com/wrap/FoodBingo/V1.1/font-awesome/fonts/fontawesome-webfont3295.woff2]
[ecommerceforest.com/wrap/FoodBingo/V1.1/font-awesome/fonts/fontawesome-webfont3295.ttf]
[ecommerceforest.com/wrap/FoodBingo/V1.1/font-awesome/css/font-awesome.min.css]
[ecommerceforest.com/wrap/FoodBingo/V1.1/js/plugins/owl-carousel/grabbing.png]
[ecommerceforest.com/wrap/FoodBingo/V1.1/js/plugins/owl-carousel/owl.carousel.css]
[ecommerceforest.com/wrap/FoodBingo/V1.1/js/plugins/owl-carousel/owl.transitions.css]
[ecommerceforest.com/wrap/FoodBingo/V1.1/js/plugins/owl-carousel/AjaxLoader.gif]
[ecommerceforest.com/wrap/FoodBingo/V1.1/js/plugins/owl-carousel/owl.theme.css]
[ecommerceforest.com/wrap/FoodBingo/V1.1/js/plugins/magnific-popup/magnific-popup.css]
[ecommerceforest.com/wrap/FoodBingo/V1.1/js/plugins/datepicker/datepicker.css]
[ecommerceforest.com/wrap/FoodBingo/V1.1/images/section-bg2.jpg]
[ecommerceforest.com/wrap/FoodBingo/V1.1/images/banners/main-banner-img1.jpg]
[ecommerceforest.com/wrap/FoodBingo/V1.1/images/banners/main-banner-img2.jpg]
[ecommerceforest.com/wrap/FoodBingo/V1.1/images/banners/main-banner-img3.jpg]
[ecommerceforest.com/wrap/FoodBingo/V1.1/images/banners/main-banner-img3-flip.jpg]
[ecommerceforest.com/wrap/FoodBingo/V1.1/images/menu/menu-card/menu-card-img1.png]
[ecommerceforest.com/wrap/FoodBingo/V1.1/images/menu/menu-card/menu-card-img2.png]
[ecommerceforest.com/wrap/FoodBingo/V1.1/images/section-bg1.jpg]
[ecommerceforest.com/wrap/FoodBingo/V1.1/images/modal-img1.jpg]
[ecommerceforest.com/wrap/FoodBingo/V1.1/font-awesome/fonts/fontawesome-webfont93e3.eot]
[ecommerceforest.com/wrap/FoodBingo/V1.1/font-awesome/fonts/fontawesome-webfont93e3.woff]
[ecommerceforest.com/wrap/FoodBingo/V1.1/font-awesome/fonts/fontawesome-webfont93e3.woff2]
[ecommerceforest.com/wrap/FoodBingo/V1.1/font-awesome/fonts/fontawesome-webfont93e3.ttf]
[ecommerceforest.com/wrap/FoodBingo/V1.1/css/style.css]
[ecommerceforest.com/wrap/FoodBingo/V1.1/images/divider-1.png]
[ecommerceforest.com/wrap/FoodBingo/V1.1/css/responsive.css]
[ecommerceforest.com/wrap/FoodBingo/V1.1/images/banners/banner-img1.png]
[ecommerceforest.com/wrap/FoodBingo/V1.1/images/banners/banner-img2.png]
[ecommerceforest.com/wrap/FoodBingo/V1.1/images/banners/banner-img3.png]
[ecommerceforest.com/wrap/FoodBingo/V1.1/login.html]
[ecommerceforest.com/wrap/FoodBingo/V1.1/index-2.html]
[ecommerceforest.com/wrap/FoodBingo/V1.1/images/image2.jpg]
[ecommerceforest.com/wrap/FoodBingo/V1.1/images/team-img-1.png]
[ecommerceforest.com/wrap/FoodBingo/V1.1/about.html]
[ecommerceforest.com/wrap/FoodBingo/V1.1/images/hotels/thumb/hotel-list-thumb-img1.jpg]
[ecommerceforest.com/wrap/FoodBingo/V1.1/food-listing.html]
[ecommerceforest.com/wrap/FoodBingo/V1.1/images/hotels/thumb/hotel-grid-thumb-img1.jpg]
[ecommerceforest.com/wrap/FoodBingo/V1.1/images/hotels/thumb/hotel-grid-thumb-img2.jpg]
[ecommerceforest.com/wrap/FoodBingo/V1.1/images/hotels/thumb/hotel-grid-thumb-img3.jpg]
[ecommerceforest.com/wrap/FoodBingo/V1.1/food-grid.html]
[ecommerceforest.com/wrap/FoodBingo/V1.1/images/banners/banner-discount.png]
[ecommerceforest.com/wrap/FoodBingo/V1.1/images/banners/tab-banner-img1.png]
[ecommerceforest.com/wrap/FoodBingo/V1.1/images/banners/tab-banner-img2.png]
[ecommerceforest.com/wrap/FoodBingo/V1.1/images/banners/tab-banner-img3.png]
[ecommerceforest.com/wrap/FoodBingo/V1.1/images/gallery/thumb/gallery-thumb-img1.jpg]
[ecommerceforest.com/wrap/FoodBingo/V1.1/images/gallery/big/gallery-big-img1.jpg]
[ecommerceforest.com/wrap/FoodBingo/V1.1/images/gallery/thumb/gallery-thumb-img2.jpg]
[ecommerceforest.com/wrap/FoodBingo/V1.1/images/gallery/big/gallery-big-img2.jpg]
[ecommerceforest.com/wrap/FoodBingo/V1.1/images/gallery/thumb/gallery-thumb-img3.jpg]
[ecommerceforest.com/wrap/FoodBingo/V1.1/images/gallery/big/gallery-big-img3.jpg]
[ecommerceforest.com/wrap/FoodBingo/V1.1/images/gallery/thumb/gallery-thumb-img4.jpg]
[ecommerceforest.com/wrap/FoodBingo/V1.1/images/gallery/big/gallery-big-img4.jpg]
[ecommerceforest.com/wrap/FoodBingo/V1.1/images/gallery/thumb/gallery-thumb-img5.jpg]
[ecommerceforest.com/wrap/FoodBingo/V1.1/images/gallery/big/gallery-big-img5.jpg]
[ecommerceforest.com/wrap/FoodBingo/V1.1/images/gallery/thumb/gallery-thumb-img6.jpg]
[ecommerceforest.com/wrap/FoodBingo/V1.1/images/gallery/big/gallery-big-img6.jpg]
[ecommerceforest.com/wrap/FoodBingo/V1.1/images/gallery/thumb/gallery-thumb-img7.jpg]
[ecommerceforest.com/wrap/FoodBingo/V1.1/images/gallery/big/gallery-big-img7.jpg]
[ecommerceforest.com/wrap/FoodBingo/V1.1/images/gallery/thumb/gallery-thumb-img8.jpg]
[ecommerceforest.com/wrap/FoodBingo/V1.1/images/gallery/big/gallery-big-img8.jpg]
[ecommerceforest.com/wrap/FoodBingo/V1.1/images/gallery/thumb/gallery-thumb-img9.jpg]
[ecommerceforest.com/wrap/FoodBingo/V1.1/images/gallery/big/gallery-big-img9.jpg]
[ecommerceforest.com/wrap/FoodBingo/V1.1/images/review-thumb-img1.png]
[ecommerceforest.com/wrap/FoodBingo/V1.1/images/banners/sponsors-banner-img1.png]
[ecommerceforest.com/wrap/FoodBingo/V1.1/images/banners/sponsors-banner-img2.png]
[ecommerceforest.com/wrap/FoodBingo/V1.1/images/banners/sponsors-banner-img3.png]
[ecommerceforest.com/wrap/FoodBingo/V1.1/images/banners/sponsors-banner-img4.png]
[ecommerceforest.com/wrap/FoodBingo/V1.1/food-details.html]
[ecommerceforest.com/wrap/FoodBingo/V1.1/terms.html]
[ecommerceforest.com/wrap/FoodBingo/V1.1/policy.html]
[ecommerceforest.com/wrap/FoodBingo/V1.1/contact.html]
[ecommerceforest.com/wrap/FoodBingo/V1.1/fonts/glyphicons-halflings-regular.svg]
[ecommerceforest.com/wrap/FoodBingo/V1.1/font-awesome/fonts/fontawesome-webfont3295.svg]
[ecommerceforest.com/wrap/FoodBingo/V1.1/font-awesome/fonts/fontawesome-webfont93e3.svg]
[ecommerceforest.com/wrap/FoodBingo/V1.1/images/fav-144.html]
[ecommerceforest.com/wrap/FoodBingo/V1.1/images/fav-114.html]
[ecommerceforest.com/wrap/FoodBingo/V1.1/images/fav-72.html]
[ecommerceforest.com/wrap/FoodBingo/V1.1/images/fav-57.html]
[ecommerceforest.com/wrap/FoodBingo/V1.1/images/fav.html]
[ecommerceforest.com/wrap/FoodBingo/V1.1/hotel-grid.html]
